
> midas@0.1.0 build
> next build

  ▲ Next.js 14.2.28
  - Environments: .env.local
  - Experiments (use with caution):
    · optimizeCss
    · scrollRestoration

   Creating an optimized production build ...
 ⚠ Compiled with warnings

entrypoint size limit: The following entrypoint(s) combined asset size exceeds the recommended limit (244 KiB). This can impact web performance.
Entrypoints:
  main (255 KiB)
      static/chunks/webpack-597d034c6238eb43.js
      static/chunks/react-f51bf7cca7508ca6.js
      static/chunks/325-ca2d01005a627f55.js
      static/chunks/7137-e71dafa2c7a7760e.js
      static/chunks/main-62364770550fd1ce.js
  main-app (294 KiB)
      static/chunks/webpack-597d034c6238eb43.js
      static/chunks/2943-3e5262f484e726cf.js
      static/chunks/5148-2b5fb8ecb7735187.js
      static/chunks/7464-affb78b54d030048.js
      static/chunks/1523-564e9485c9edc0e2.js
      static/chunks/main-app-59ceb3a2e8fb16b2.js
  app/layout (718 KiB)
      static/css/b5c9392118203539.css
      static/css/d9409fdcee6f6275.css
      static/chunks/ui-libs-ad6a2f20-150b560a8e908814.js
      static/chunks/ui-libs-abda2f14-ff20db7e281709a2.js
      static/chunks/ui-libs-bc0ba893-2085e53d754d1137.js
      static/chunks/ui-libs-fe2090da-46c05c64c3d2018f.js
      static/chunks/ui-libs-cbdef5fd-43c328c81408fa2a.js
      static/chunks/ui-libs-5d056252-69ba6f4ab06020a4.js
      static/chunks/ui-libs-6879598d-faca7add49ea7d51.js
      static/chunks/vendor-c0d76f48-586d9e8c932e0e7b.js
      static/chunks/vendor-ad6a2f20-df1fb6bd1d76ca16.js
      static/chunks/vendor-f33ddaf2-660a5b7698817d6c.js
      static/chunks/vendor-89d5c698-dc42403834d49b06.js
      static/chunks/vendor-effbbe9c-9205e8b7a8f7a6e6.js
      static/chunks/vendor-55776fae-d2387edfe57569a4.js
      static/chunks/vendor-0582c947-e1113a42191c3ce0.js
      static/chunks/vendor-0d84f32a-1c87cea3fdcfab6f.js
      static/chunks/vendor-377fed06-51ab7c3d0b24bf0e.js
      static/chunks/app/layout-efb712264c028e3c.js
  app/(auth)/register/page (626 KiB)
      static/chunks/ui-libs-ad6a2f20-150b560a8e908814.js
      static/chunks/ui-libs-abda2f14-ff20db7e281709a2.js
      static/chunks/ui-libs-bc0ba893-2085e53d754d1137.js
      static/chunks/ui-libs-fe2090da-46c05c64c3d2018f.js
      static/chunks/ui-libs-cbdef5fd-43c328c81408fa2a.js
      static/chunks/ui-libs-5d056252-69ba6f4ab06020a4.js
      static/chunks/ui-libs-6879598d-faca7add49ea7d51.js
      static/chunks/vendor-c0d76f48-586d9e8c932e0e7b.js
      static/chunks/vendor-ad6a2f20-df1fb6bd1d76ca16.js
      static/chunks/vendor-f33ddaf2-660a5b7698817d6c.js
      static/chunks/vendor-89d5c698-dc42403834d49b06.js
      static/chunks/vendor-effbbe9c-9205e8b7a8f7a6e6.js
      static/chunks/vendor-55776fae-d2387edfe57569a4.js
      static/chunks/vendor-0582c947-e1113a42191c3ce0.js
      static/chunks/vendor-0d84f32a-1c87cea3fdcfab6f.js
      static/chunks/vendor-377fed06-51ab7c3d0b24bf0e.js
      static/chunks/app/(auth)/register/page-141b3675322bf899.js
  app/(marketing)/(home)/page (799 KiB)
      static/chunks/framer-motion-dfc0d3ba-28e7cef55897c0ca.js
      static/chunks/framer-motion-04fef8b0-cd6b3310a6664018.js
      static/chunks/framer-motion-7ec938a2-1fae84308116cf7d.js
      static/chunks/ui-libs-ad6a2f20-150b560a8e908814.js
      static/chunks/ui-libs-abda2f14-ff20db7e281709a2.js
      static/chunks/ui-libs-bc0ba893-2085e53d754d1137.js
      static/chunks/ui-libs-fe2090da-46c05c64c3d2018f.js
      static/chunks/ui-libs-cbdef5fd-43c328c81408fa2a.js
      static/chunks/ui-libs-5d056252-69ba6f4ab06020a4.js
      static/chunks/ui-libs-6879598d-faca7add49ea7d51.js
      static/chunks/vendor-c0d76f48-586d9e8c932e0e7b.js
      static/chunks/vendor-ad6a2f20-df1fb6bd1d76ca16.js
      static/chunks/vendor-f33ddaf2-660a5b7698817d6c.js
      static/chunks/vendor-89d5c698-dc42403834d49b06.js
      static/chunks/vendor-effbbe9c-9205e8b7a8f7a6e6.js
      static/chunks/vendor-55776fae-d2387edfe57569a4.js
      static/chunks/vendor-0582c947-e1113a42191c3ce0.js
      static/chunks/vendor-0d84f32a-1c87cea3fdcfab6f.js
      static/chunks/vendor-377fed06-51ab7c3d0b24bf0e.js
      static/chunks/1759-157981197db6d9b7.js
      static/chunks/app/(marketing)/(home)/page-514d74a8d017bc2b.js
  app/(marketing)/case-studies/page (733 KiB)
      static/chunks/framer-motion-dfc0d3ba-28e7cef55897c0ca.js
      static/chunks/framer-motion-04fef8b0-cd6b3310a6664018.js
      static/chunks/framer-motion-7ec938a2-1fae84308116cf7d.js
      static/chunks/ui-libs-ad6a2f20-150b560a8e908814.js
      static/chunks/ui-libs-abda2f14-ff20db7e281709a2.js
      static/chunks/ui-libs-bc0ba893-2085e53d754d1137.js
      static/chunks/ui-libs-fe2090da-46c05c64c3d2018f.js
      static/chunks/ui-libs-cbdef5fd-43c328c81408fa2a.js
      static/chunks/ui-libs-5d056252-69ba6f4ab06020a4.js
      static/chunks/ui-libs-6879598d-faca7add49ea7d51.js
      static/chunks/vendor-c0d76f48-586d9e8c932e0e7b.js
      static/chunks/vendor-ad6a2f20-df1fb6bd1d76ca16.js
      static/chunks/vendor-f33ddaf2-660a5b7698817d6c.js
      static/chunks/vendor-89d5c698-dc42403834d49b06.js
      static/chunks/vendor-effbbe9c-9205e8b7a8f7a6e6.js
      static/chunks/vendor-55776fae-d2387edfe57569a4.js
      static/chunks/vendor-0582c947-e1113a42191c3ce0.js
      static/chunks/vendor-0d84f32a-1c87cea3fdcfab6f.js
      static/chunks/vendor-377fed06-51ab7c3d0b24bf0e.js
      static/chunks/app/(marketing)/case-studies/page-7f8e179471ff8ca1.js
  app/(marketing)/case-studies/not-found (349 KiB)
      static/chunks/vendor-c0d76f48-586d9e8c932e0e7b.js
      static/chunks/vendor-ad6a2f20-df1fb6bd1d76ca16.js
      static/chunks/vendor-f33ddaf2-660a5b7698817d6c.js
      static/chunks/vendor-89d5c698-dc42403834d49b06.js
      static/chunks/vendor-effbbe9c-9205e8b7a8f7a6e6.js
      static/chunks/vendor-55776fae-d2387edfe57569a4.js
      static/chunks/vendor-0582c947-e1113a42191c3ce0.js
      static/chunks/vendor-0d84f32a-1c87cea3fdcfab6f.js
      static/chunks/vendor-377fed06-51ab7c3d0b24bf0e.js
      static/chunks/app/(marketing)/case-studies/not-found-459812244070b82e.js
  app/(marketing)/case-studies/[id]/page (349 KiB)
      static/chunks/vendor-c0d76f48-586d9e8c932e0e7b.js
      static/chunks/vendor-ad6a2f20-df1fb6bd1d76ca16.js
      static/chunks/vendor-f33ddaf2-660a5b7698817d6c.js
      static/chunks/vendor-89d5c698-dc42403834d49b06.js
      static/chunks/vendor-effbbe9c-9205e8b7a8f7a6e6.js
      static/chunks/vendor-55776fae-d2387edfe57569a4.js
      static/chunks/vendor-0582c947-e1113a42191c3ce0.js
      static/chunks/vendor-0d84f32a-1c87cea3fdcfab6f.js
      static/chunks/vendor-377fed06-51ab7c3d0b24bf0e.js
      static/chunks/app/(marketing)/case-studies/[id]/page-d611a04a0a59771f.js
  app/(marketing)/services/page (733 KiB)
      static/chunks/framer-motion-dfc0d3ba-28e7cef55897c0ca.js
      static/chunks/framer-motion-04fef8b0-cd6b3310a6664018.js
      static/chunks/framer-motion-7ec938a2-1fae84308116cf7d.js
      static/chunks/ui-libs-ad6a2f20-150b560a8e908814.js
      static/chunks/ui-libs-abda2f14-ff20db7e281709a2.js
      static/chunks/ui-libs-bc0ba893-2085e53d754d1137.js
      static/chunks/ui-libs-fe2090da-46c05c64c3d2018f.js
      static/chunks/ui-libs-cbdef5fd-43c328c81408fa2a.js
      static/chunks/ui-libs-5d056252-69ba6f4ab06020a4.js
      static/chunks/ui-libs-6879598d-faca7add49ea7d51.js
      static/chunks/vendor-c0d76f48-586d9e8c932e0e7b.js
      static/chunks/vendor-ad6a2f20-df1fb6bd1d76ca16.js
      static/chunks/vendor-f33ddaf2-660a5b7698817d6c.js
      static/chunks/vendor-89d5c698-dc42403834d49b06.js
      static/chunks/vendor-effbbe9c-9205e8b7a8f7a6e6.js
      static/chunks/vendor-55776fae-d2387edfe57569a4.js
      static/chunks/vendor-0582c947-e1113a42191c3ce0.js
      static/chunks/vendor-0d84f32a-1c87cea3fdcfab6f.js
      static/chunks/vendor-377fed06-51ab7c3d0b24bf0e.js
      static/chunks/app/(marketing)/services/page-09470f46cb478843.js
  app/(dashboard)/keywords/page (672 KiB)
      static/chunks/ui-libs-ad6a2f20-150b560a8e908814.js
      static/chunks/ui-libs-abda2f14-ff20db7e281709a2.js
      static/chunks/ui-libs-bc0ba893-2085e53d754d1137.js
      static/chunks/ui-libs-fe2090da-46c05c64c3d2018f.js
      static/chunks/ui-libs-cbdef5fd-43c328c81408fa2a.js
      static/chunks/ui-libs-5d056252-69ba6f4ab06020a4.js
      static/chunks/ui-libs-6879598d-faca7add49ea7d51.js
      static/chunks/vendor-c0d76f48-586d9e8c932e0e7b.js
      static/chunks/vendor-ad6a2f20-df1fb6bd1d76ca16.js
      static/chunks/vendor-f33ddaf2-660a5b7698817d6c.js
      static/chunks/vendor-89d5c698-dc42403834d49b06.js
      static/chunks/vendor-effbbe9c-9205e8b7a8f7a6e6.js
      static/chunks/vendor-55776fae-d2387edfe57569a4.js
      static/chunks/vendor-0582c947-e1113a42191c3ce0.js
      static/chunks/vendor-0d84f32a-1c87cea3fdcfab6f.js
      static/chunks/vendor-377fed06-51ab7c3d0b24bf0e.js
      static/chunks/2601-8464435a5c9b3fbe.js
      static/chunks/app/(dashboard)/keywords/page-98621b8058382175.js
  app/(dashboard)/kol/page (838 KiB)
      static/chunks/framer-motion-dfc0d3ba-28e7cef55897c0ca.js
      static/chunks/framer-motion-04fef8b0-cd6b3310a6664018.js
      static/chunks/framer-motion-7ec938a2-1fae84308116cf7d.js
      static/chunks/ui-libs-ad6a2f20-150b560a8e908814.js
      static/chunks/ui-libs-abda2f14-ff20db7e281709a2.js
      static/chunks/ui-libs-bc0ba893-2085e53d754d1137.js
      static/chunks/ui-libs-fe2090da-46c05c64c3d2018f.js
      static/chunks/ui-libs-cbdef5fd-43c328c81408fa2a.js
      static/chunks/ui-libs-5d056252-69ba6f4ab06020a4.js
      static/chunks/ui-libs-6879598d-faca7add49ea7d51.js
      static/chunks/vendor-c0d76f48-586d9e8c932e0e7b.js
      static/chunks/vendor-ad6a2f20-df1fb6bd1d76ca16.js
      static/chunks/vendor-f33ddaf2-660a5b7698817d6c.js
      static/chunks/vendor-89d5c698-dc42403834d49b06.js
      static/chunks/vendor-effbbe9c-9205e8b7a8f7a6e6.js
      static/chunks/vendor-55776fae-d2387edfe57569a4.js
      static/chunks/vendor-0582c947-e1113a42191c3ce0.js
      static/chunks/vendor-0d84f32a-1c87cea3fdcfab6f.js
      static/chunks/vendor-377fed06-51ab7c3d0b24bf0e.js
      static/chunks/7064-b666da330534b8b9.js
      static/chunks/8663-ea5db60e2c6ba59f.js
      static/chunks/472-2f1652bdd023a41d.js
      static/chunks/7185-ea220cf1178c21a2.js
      static/chunks/1674-f5d21ae8fba07d44.js
      static/chunks/2281-caf5c701c6194522.js
      static/chunks/app/(dashboard)/kol/page-aafd18d63c4039be.js
  app/(dashboard)/kol/layout (742 KiB)
      static/chunks/framer-motion-dfc0d3ba-28e7cef55897c0ca.js
      static/chunks/framer-motion-04fef8b0-cd6b3310a6664018.js
      static/chunks/framer-motion-7ec938a2-1fae84308116cf7d.js
      static/chunks/ui-libs-ad6a2f20-150b560a8e908814.js
      static/chunks/ui-libs-abda2f14-ff20db7e281709a2.js
      static/chunks/ui-libs-bc0ba893-2085e53d754d1137.js
      static/chunks/ui-libs-fe2090da-46c05c64c3d2018f.js
      static/chunks/ui-libs-cbdef5fd-43c328c81408fa2a.js
      static/chunks/ui-libs-5d056252-69ba6f4ab06020a4.js
      static/chunks/ui-libs-6879598d-faca7add49ea7d51.js
      static/chunks/vendor-c0d76f48-586d9e8c932e0e7b.js
      static/chunks/vendor-ad6a2f20-df1fb6bd1d76ca16.js
      static/chunks/vendor-f33ddaf2-660a5b7698817d6c.js
      static/chunks/vendor-89d5c698-dc42403834d49b06.js
      static/chunks/vendor-effbbe9c-9205e8b7a8f7a6e6.js
      static/chunks/vendor-55776fae-d2387edfe57569a4.js
      static/chunks/vendor-0582c947-e1113a42191c3ce0.js
      static/chunks/vendor-0d84f32a-1c87cea3fdcfab6f.js
      static/chunks/vendor-377fed06-51ab7c3d0b24bf0e.js
      static/chunks/app/(dashboard)/kol/layout-a62687186cce66d0.js
  app/(dashboard)/dashboard/page (1.27 MiB)
      static/chunks/ui-libs-ad6a2f20-150b560a8e908814.js
      static/chunks/ui-libs-abda2f14-ff20db7e281709a2.js
      static/chunks/ui-libs-bc0ba893-2085e53d754d1137.js
      static/chunks/ui-libs-fe2090da-46c05c64c3d2018f.js
      static/chunks/ui-libs-cbdef5fd-43c328c81408fa2a.js
      static/chunks/ui-libs-5d056252-69ba6f4ab06020a4.js
      static/chunks/ui-libs-6879598d-faca7add49ea7d51.js
      static/chunks/vendor-c0d76f48-586d9e8c932e0e7b.js
      static/chunks/vendor-ad6a2f20-df1fb6bd1d76ca16.js
      static/chunks/vendor-f33ddaf2-660a5b7698817d6c.js
      static/chunks/vendor-89d5c698-dc42403834d49b06.js
      static/chunks/vendor-effbbe9c-9205e8b7a8f7a6e6.js
      static/chunks/vendor-55776fae-d2387edfe57569a4.js
      static/chunks/vendor-0582c947-e1113a42191c3ce0.js
      static/chunks/vendor-0d84f32a-1c87cea3fdcfab6f.js
      static/chunks/vendor-377fed06-51ab7c3d0b24bf0e.js
      static/chunks/5862-7af7ddc2815a5444.js
      static/chunks/5594-a60fb0ea5a97d2da.js
      static/chunks/5007-9abbf748b05d2c38.js
      static/chunks/9014-c2d3bb0df932b722.js
      static/chunks/7600-4bc3c6fab07cc28b.js
      static/chunks/890-bff46c6224de805c.js
      static/chunks/1908-32aa9a8cbc3e0ed2.js
      static/chunks/226-33d94339750b4565.js
      static/chunks/549-76c0828bbfa9cf2e.js
      static/chunks/4220-2fbe4771be2076ae.js
      static/chunks/7860-9423772b61b26817.js
      static/chunks/1212-da2dd25671f046ce.js
      static/chunks/7050-e0359a67143d4b3b.js
      static/chunks/3026-1676397ea041894d.js
      static/chunks/7457-e4e1b2010032089e.js
      static/chunks/app/(dashboard)/dashboard/page-0485601dd019da92.js
  app/(dashboard)/dashboard/layout (742 KiB)
      static/chunks/framer-motion-dfc0d3ba-28e7cef55897c0ca.js
      static/chunks/framer-motion-04fef8b0-cd6b3310a6664018.js
      static/chunks/framer-motion-7ec938a2-1fae84308116cf7d.js
      static/chunks/ui-libs-ad6a2f20-150b560a8e908814.js
      static/chunks/ui-libs-abda2f14-ff20db7e281709a2.js
      static/chunks/ui-libs-bc0ba893-2085e53d754d1137.js
      static/chunks/ui-libs-fe2090da-46c05c64c3d2018f.js
      static/chunks/ui-libs-cbdef5fd-43c328c81408fa2a.js
      static/chunks/ui-libs-5d056252-69ba6f4ab06020a4.js
      static/chunks/ui-libs-6879598d-faca7add49ea7d51.js
      static/chunks/vendor-c0d76f48-586d9e8c932e0e7b.js
      static/chunks/vendor-ad6a2f20-df1fb6bd1d76ca16.js
      static/chunks/vendor-f33ddaf2-660a5b7698817d6c.js
      static/chunks/vendor-89d5c698-dc42403834d49b06.js
      static/chunks/vendor-effbbe9c-9205e8b7a8f7a6e6.js
      static/chunks/vendor-55776fae-d2387edfe57569a4.js
      static/chunks/vendor-0582c947-e1113a42191c3ce0.js
      static/chunks/vendor-0d84f32a-1c87cea3fdcfab6f.js
      static/chunks/vendor-377fed06-51ab7c3d0b24bf0e.js
      static/chunks/app/(dashboard)/dashboard/layout-0d3c279e64241306.js
  app/(dashboard)/orion/page (1.01 MiB)
      static/css/dcb516b597d897aa.css
      static/chunks/framer-motion-dfc0d3ba-28e7cef55897c0ca.js
      static/chunks/framer-motion-04fef8b0-cd6b3310a6664018.js
      static/chunks/framer-motion-7ec938a2-1fae84308116cf7d.js
      static/chunks/ui-libs-ad6a2f20-150b560a8e908814.js
      static/chunks/ui-libs-abda2f14-ff20db7e281709a2.js
      static/chunks/ui-libs-bc0ba893-2085e53d754d1137.js
      static/chunks/ui-libs-fe2090da-46c05c64c3d2018f.js
      static/chunks/ui-libs-cbdef5fd-43c328c81408fa2a.js
      static/chunks/ui-libs-5d056252-69ba6f4ab06020a4.js
      static/chunks/ui-libs-6879598d-faca7add49ea7d51.js
      static/chunks/vendor-c0d76f48-586d9e8c932e0e7b.js
      static/chunks/vendor-ad6a2f20-df1fb6bd1d76ca16.js
      static/chunks/vendor-f33ddaf2-660a5b7698817d6c.js
      static/chunks/vendor-89d5c698-dc42403834d49b06.js
      static/chunks/vendor-effbbe9c-9205e8b7a8f7a6e6.js
      static/chunks/vendor-55776fae-d2387edfe57569a4.js
      static/chunks/vendor-0582c947-e1113a42191c3ce0.js
      static/chunks/vendor-0d84f32a-1c87cea3fdcfab6f.js
      static/chunks/vendor-377fed06-51ab7c3d0b24bf0e.js
      static/chunks/759-9c36b1f98fe88520.js
      static/chunks/6896-07794f3f0f46ef39.js
      static/chunks/app/(dashboard)/orion/page-f3956634-898188234eed1094.js
      static/chunks/app/(dashboard)/orion/page-d87c119a-2bdbf8fe6044033e.js
  app/(dashboard)/orion/layout (742 KiB)
      static/chunks/framer-motion-dfc0d3ba-28e7cef55897c0ca.js
      static/chunks/framer-motion-04fef8b0-cd6b3310a6664018.js
      static/chunks/framer-motion-7ec938a2-1fae84308116cf7d.js
      static/chunks/ui-libs-ad6a2f20-150b560a8e908814.js
      static/chunks/ui-libs-abda2f14-ff20db7e281709a2.js
      static/chunks/ui-libs-bc0ba893-2085e53d754d1137.js
      static/chunks/ui-libs-fe2090da-46c05c64c3d2018f.js
      static/chunks/ui-libs-cbdef5fd-43c328c81408fa2a.js
      static/chunks/ui-libs-5d056252-69ba6f4ab06020a4.js
      static/chunks/ui-libs-6879598d-faca7add49ea7d51.js
      static/chunks/vendor-c0d76f48-586d9e8c932e0e7b.js
      static/chunks/vendor-ad6a2f20-df1fb6bd1d76ca16.js
      static/chunks/vendor-f33ddaf2-660a5b7698817d6c.js
      static/chunks/vendor-89d5c698-dc42403834d49b06.js
      static/chunks/vendor-effbbe9c-9205e8b7a8f7a6e6.js
      static/chunks/vendor-55776fae-d2387edfe57569a4.js
      static/chunks/vendor-0582c947-e1113a42191c3ce0.js
      static/chunks/vendor-0d84f32a-1c87cea3fdcfab6f.js
      static/chunks/vendor-377fed06-51ab7c3d0b24bf0e.js
      static/chunks/app/(dashboard)/orion/layout-2a003df18d43894c.js
  app/(marketing)/services/[slug]/page (741 KiB)
      static/chunks/framer-motion-dfc0d3ba-28e7cef55897c0ca.js
      static/chunks/framer-motion-04fef8b0-cd6b3310a6664018.js
      static/chunks/framer-motion-7ec938a2-1fae84308116cf7d.js
      static/chunks/ui-libs-ad6a2f20-150b560a8e908814.js
      static/chunks/ui-libs-abda2f14-ff20db7e281709a2.js
      static/chunks/ui-libs-bc0ba893-2085e53d754d1137.js
      static/chunks/ui-libs-fe2090da-46c05c64c3d2018f.js
      static/chunks/ui-libs-cbdef5fd-43c328c81408fa2a.js
      static/chunks/ui-libs-5d056252-69ba6f4ab06020a4.js
      static/chunks/ui-libs-6879598d-faca7add49ea7d51.js
      static/chunks/vendor-c0d76f48-586d9e8c932e0e7b.js
      static/chunks/vendor-ad6a2f20-df1fb6bd1d76ca16.js
      static/chunks/vendor-f33ddaf2-660a5b7698817d6c.js
      static/chunks/vendor-89d5c698-dc42403834d49b06.js
      static/chunks/vendor-effbbe9c-9205e8b7a8f7a6e6.js
      static/chunks/vendor-55776fae-d2387edfe57569a4.js
      static/chunks/vendor-0582c947-e1113a42191c3ce0.js
      static/chunks/vendor-0d84f32a-1c87cea3fdcfab6f.js
      static/chunks/vendor-377fed06-51ab7c3d0b24bf0e.js
      static/chunks/app/(marketing)/services/[slug]/page-3af83daaf10899f3.js
  app/(marketing)/services/[slug]/layout (733 KiB)
      static/chunks/framer-motion-dfc0d3ba-28e7cef55897c0ca.js
      static/chunks/framer-motion-04fef8b0-cd6b3310a6664018.js
      static/chunks/framer-motion-7ec938a2-1fae84308116cf7d.js
      static/chunks/ui-libs-ad6a2f20-150b560a8e908814.js
      static/chunks/ui-libs-abda2f14-ff20db7e281709a2.js
      static/chunks/ui-libs-bc0ba893-2085e53d754d1137.js
      static/chunks/ui-libs-fe2090da-46c05c64c3d2018f.js
      static/chunks/ui-libs-cbdef5fd-43c328c81408fa2a.js
      static/chunks/ui-libs-5d056252-69ba6f4ab06020a4.js
      static/chunks/ui-libs-6879598d-faca7add49ea7d51.js
      static/chunks/vendor-c0d76f48-586d9e8c932e0e7b.js
      static/chunks/vendor-ad6a2f20-df1fb6bd1d76ca16.js
      static/chunks/vendor-f33ddaf2-660a5b7698817d6c.js
      static/chunks/vendor-89d5c698-dc42403834d49b06.js
      static/chunks/vendor-effbbe9c-9205e8b7a8f7a6e6.js
      static/chunks/vendor-55776fae-d2387edfe57569a4.js
      static/chunks/vendor-0582c947-e1113a42191c3ce0.js
      static/chunks/vendor-0d84f32a-1c87cea3fdcfab6f.js
      static/chunks/vendor-377fed06-51ab7c3d0b24bf0e.js
      static/chunks/app/(marketing)/services/[slug]/layout-214f7a8ee286a330.js

webpack performance recommendations: 
You can limit the size of your bundles by using import() or require.ensure to lazy load some parts of your application.
For more info visit https://webpack.js.org/guides/code-splitting/

   Linting and checking validity of types ...
   Collecting page data ...
   Generating static pages (0/28) ...
 ⚠ Unsupported metadata viewport is configured in metadata export in /_not-found. Please move it to viewport export instead.
Read more: https://nextjs.org/docs/app/api-reference/functions/generate-viewport
 ⚠ Unsupported metadata viewport is configured in metadata export in /_not-found. Please move it to viewport export instead.
Read more: https://nextjs.org/docs/app/api-reference/functions/generate-viewport
   Generating static pages (7/28) 
 ⚠ Unsupported metadata viewport is configured in metadata export in /kol. Please move it to viewport export instead.
Read more: https://nextjs.org/docs/app/api-reference/functions/generate-viewport
 ⚠ Unsupported metadata viewport is configured in metadata export in /case-studies/digital-transformation. Please move it to viewport export instead.
Read more: https://nextjs.org/docs/app/api-reference/functions/generate-viewport
 ⚠ Unsupported metadata viewport is configured in metadata export in /services. Please move it to viewport export instead.
Read more: https://nextjs.org/docs/app/api-reference/functions/generate-viewport
 ⚠ Unsupported metadata viewport is configured in metadata export in /services. Please move it to viewport export instead.
Read more: https://nextjs.org/docs/app/api-reference/functions/generate-viewport
 ⚠ Unsupported metadata viewport is configured in metadata export in /case-studies/marketing-campaign. Please move it to viewport export instead.
Read more: https://nextjs.org/docs/app/api-reference/functions/generate-viewport
 ⚠ Unsupported metadata viewport is configured in metadata export in /case-studies/digital-transformation. Please move it to viewport export instead.
Read more: https://nextjs.org/docs/app/api-reference/functions/generate-viewport
🔍 Debug Supabase Config:
📍 Original URL: https://supabasekong-joc0wg4wkwo8o48swgswgo0g.217.15.164.63.sslip.io
🔑 Has Key: true
🌍 Environment: production
🔧 Fixed URL: https://supabasekong-joc0wg4wkwo8o48swgswgo0g.217.15.164.63.sslip.io
🔍 URL Analysis:
  - Using HTTPS: true
  - Final URL: https://supabasekong-joc0wg4wkwo8o48swgswgo0g.217.15.164.63.sslip.io
✅ Supabase configuration loaded successfully
📍 Supabase URL: https://supabasekong-joc0wg4wkwo8o48swgswgo0g.217.15.164.63.sslip.io
🔍 Debug Supabase Config:
📍 Original URL: https://supabasekong-joc0wg4wkwo8o48swgswgo0g.217.15.164.63.sslip.io
🔑 Has Key: true
🌍 Environment: production
🔧 Fixed URL: https://supabasekong-joc0wg4wkwo8o48swgswgo0g.217.15.164.63.sslip.io
🔍 URL Analysis:
  - Using HTTPS: true
  - Final URL: https://supabasekong-joc0wg4wkwo8o48swgswgo0g.217.15.164.63.sslip.io
✅ Supabase configuration loaded successfully
📍 Supabase URL: https://supabasekong-joc0wg4wkwo8o48swgswgo0g.217.15.164.63.sslip.io
 ⚠ Unsupported metadata viewport is configured in metadata export in /case-studies/ecommerce-automation. Please move it to viewport export instead.
Read more: https://nextjs.org/docs/app/api-reference/functions/generate-viewport
 ⚠ Unsupported metadata viewport is configured in metadata export in /case-studies/ecommerce-automation. Please move it to viewport export instead.
Read more: https://nextjs.org/docs/app/api-reference/functions/generate-viewport
 ⚠ Unsupported metadata viewport is configured in metadata export in /case-studies/marketing-campaign. Please move it to viewport export instead.
Read more: https://nextjs.org/docs/app/api-reference/functions/generate-viewport
🔍 Debug Supabase Config:
📍 Original URL: https://supabasekong-joc0wg4wkwo8o48swgswgo0g.217.15.164.63.sslip.io
🔑 Has Key: true
🌍 Environment: production
🔧 Fixed URL: https://supabasekong-joc0wg4wkwo8o48swgswgo0g.217.15.164.63.sslip.io
🔍 URL Analysis:
  - Using HTTPS: true
  - Final URL: https://supabasekong-joc0wg4wkwo8o48swgswgo0g.217.15.164.63.sslip.io
✅ Supabase configuration loaded successfully
📍 Supabase URL: https://supabasekong-joc0wg4wkwo8o48swgswgo0g.217.15.164.63.sslip.io
🔍 Debug Supabase Config:
📍 Original URL: https://supabasekong-joc0wg4wkwo8o48swgswgo0g.217.15.164.63.sslip.io
🔑 Has Key: true
🌍 Environment: production
🔧 Fixed URL: https://supabasekong-joc0wg4wkwo8o48swgswgo0g.217.15.164.63.sslip.io
🔍 URL Analysis:
  - Using HTTPS: true
  - Final URL: https://supabasekong-joc0wg4wkwo8o48swgswgo0g.217.15.164.63.sslip.io
✅ Supabase configuration loaded successfully
📍 Supabase URL: https://supabasekong-joc0wg4wkwo8o48swgswgo0g.217.15.164.63.sslip.io
 ⚠ Unsupported metadata viewport is configured in metadata export in /kol. Please move it to viewport export instead.
Read more: https://nextjs.org/docs/app/api-reference/functions/generate-viewport
🔍 Debug Supabase Config:
📍 Original URL: https://supabasekong-joc0wg4wkwo8o48swgswgo0g.217.15.164.63.sslip.io
🔑 Has Key: true
🌍 Environment: production
🔧 Fixed URL: https://supabasekong-joc0wg4wkwo8o48swgswgo0g.217.15.164.63.sslip.io
🔍 URL Analysis:
  - Using HTTPS: true
  - Final URL: https://supabasekong-joc0wg4wkwo8o48swgswgo0g.217.15.164.63.sslip.io
✅ Supabase configuration loaded successfully
📍 Supabase URL: https://supabasekong-joc0wg4wkwo8o48swgswgo0g.217.15.164.63.sslip.io
🔍 Debug Supabase Config:
📍 Original URL: https://supabasekong-joc0wg4wkwo8o48swgswgo0g.217.15.164.63.sslip.io
🔑 Has Key: true
🌍 Environment: production
🔧 Fixed URL: https://supabasekong-joc0wg4wkwo8o48swgswgo0g.217.15.164.63.sslip.io
🔍 URL Analysis:
  - Using HTTPS: true
  - Final URL: https://supabasekong-joc0wg4wkwo8o48swgswgo0g.217.15.164.63.sslip.io
✅ Supabase configuration loaded successfully
📍 Supabase URL: https://supabasekong-joc0wg4wkwo8o48swgswgo0g.217.15.164.63.sslip.io
   Generating static pages (14/28) 

Error occurred prerendering page "/500". Read more: https://nextjs.org/docs/messages/prerender-error

Error: Cannot find module 'critters'
Require stack:
- /Users/dennyleonardo/Documents/Cursor Workspaces/MIDAS SITE/MIDAS/node_modules/next/dist/compiled/next-server/pages.runtime.prod.js
- /Users/dennyleonardo/Documents/Cursor Workspaces/MIDAS SITE/MIDAS/.next/server/pages/_document.js
- /Users/dennyleonardo/Documents/Cursor Workspaces/MIDAS SITE/MIDAS/node_modules/next/dist/server/require.js
- /Users/dennyleonardo/Documents/Cursor Workspaces/MIDAS SITE/MIDAS/node_modules/next/dist/server/load-components.js
- /Users/dennyleonardo/Documents/Cursor Workspaces/MIDAS SITE/MIDAS/node_modules/next/dist/build/utils.js
- /Users/dennyleonardo/Documents/Cursor Workspaces/MIDAS SITE/MIDAS/node_modules/next/dist/build/worker.js
- /Users/dennyleonardo/Documents/Cursor Workspaces/MIDAS SITE/MIDAS/node_modules/next/dist/compiled/jest-worker/processChild.js
    at Module._resolveFilename (node:internal/modules/cjs/loader:1140:15)
    at /Users/dennyleonardo/Documents/Cursor Workspaces/MIDAS SITE/MIDAS/node_modules/next/dist/server/require-hook.js:55:36
    at Module._load (node:internal/modules/cjs/loader:981:27)
    at Module.require (node:internal/modules/cjs/loader:1231:19)
    at mod.require (/Users/dennyleonardo/Documents/Cursor Workspaces/MIDAS SITE/MIDAS/node_modules/next/dist/server/require-hook.js:65:28)
    at require (node:internal/modules/helpers:177:18)
    at Object.critters (/Users/dennyleonardo/Documents/Cursor Workspaces/MIDAS SITE/MIDAS/node_modules/next/dist/compiled/next-server/pages.runtime.prod.js:14:17952)
    at r (/Users/dennyleonardo/Documents/Cursor Workspaces/MIDAS SITE/MIDAS/node_modules/next/dist/compiled/next-server/pages.runtime.prod.js:14:18476)
    at /Users/dennyleonardo/Documents/Cursor Workspaces/MIDAS SITE/MIDAS/node_modules/next/dist/compiled/next-server/pages.runtime.prod.js:14:13135
    at u (/Users/dennyleonardo/Documents/Cursor Workspaces/MIDAS SITE/MIDAS/node_modules/next/dist/compiled/next-server/pages.runtime.prod.js:14:13382)
   Generating static pages (21/28) 

Error occurred prerendering page "/404". Read more: https://nextjs.org/docs/messages/prerender-error

Error: Cannot find module 'critters'
Require stack:
- /Users/dennyleonardo/Documents/Cursor Workspaces/MIDAS SITE/MIDAS/node_modules/next/dist/compiled/next-server/pages.runtime.prod.js
- /Users/dennyleonardo/Documents/Cursor Workspaces/MIDAS SITE/MIDAS/.next/server/pages/_document.js
- /Users/dennyleonardo/Documents/Cursor Workspaces/MIDAS SITE/MIDAS/node_modules/next/dist/server/require.js
- /Users/dennyleonardo/Documents/Cursor Workspaces/MIDAS SITE/MIDAS/node_modules/next/dist/server/load-components.js
- /Users/dennyleonardo/Documents/Cursor Workspaces/MIDAS SITE/MIDAS/node_modules/next/dist/build/utils.js
- /Users/dennyleonardo/Documents/Cursor Workspaces/MIDAS SITE/MIDAS/node_modules/next/dist/build/worker.js
- /Users/dennyleonardo/Documents/Cursor Workspaces/MIDAS SITE/MIDAS/node_modules/next/dist/compiled/jest-worker/processChild.js
    at Module._resolveFilename (node:internal/modules/cjs/loader:1140:15)
    at /Users/dennyleonardo/Documents/Cursor Workspaces/MIDAS SITE/MIDAS/node_modules/next/dist/server/require-hook.js:55:36
    at Module._load (node:internal/modules/cjs/loader:981:27)
    at Module.require (node:internal/modules/cjs/loader:1231:19)
    at mod.require (/Users/dennyleonardo/Documents/Cursor Workspaces/MIDAS SITE/MIDAS/node_modules/next/dist/server/require-hook.js:65:28)
    at require (node:internal/modules/helpers:177:18)
    at Object.critters (/Users/dennyleonardo/Documents/Cursor Workspaces/MIDAS SITE/MIDAS/node_modules/next/dist/compiled/next-server/pages.runtime.prod.js:14:17952)
    at r (/Users/dennyleonardo/Documents/Cursor Workspaces/MIDAS SITE/MIDAS/node_modules/next/dist/compiled/next-server/pages.runtime.prod.js:14:18476)
    at /Users/dennyleonardo/Documents/Cursor Workspaces/MIDAS SITE/MIDAS/node_modules/next/dist/compiled/next-server/pages.runtime.prod.js:14:13135
    at u (/Users/dennyleonardo/Documents/Cursor Workspaces/MIDAS SITE/MIDAS/node_modules/next/dist/compiled/next-server/pages.runtime.prod.js:14:13382)
 ✓ Generating static pages (28/28)

> Export encountered errors on following paths:
	/_error: /404
	/_error: /500
